Configuration cache is an incubating feature.
Calculating task graph as no configuration cache is available for tasks: assembleDebug
.\gradlew : 
At line:1 char:63
+ ... \Android Studio\jbr"; .\gradlew assembleDebug > build_output.txt 2>&1
+                           ~~~~~~~~~~~~~~~~~~~~~~~~~~~~~~~~~~~~~~~~~~~~~~~
    + CategoryInfo          : NotSpecified: (:String) [], RemoteException
    + FullyQualifiedErrorId : NativeCommandError
 
FAILURE: Build failed with an exception.

* Where:
Settings file 'C:\Users\bobby\Documents\GitHub\android_packages_services_OmniJaws\settings.gradle'

* What went wrong:
Could not compile settings file 'C:\Users\bobby\Documents\GitHub\android_packages_services_OmniJaws\settings.gradle'.
> startup failed:
  General error during conversion: Unsupported class file major version 65
  
  java.lang.IllegalArgumentException: Unsupported class file major version 65
  	at groovyjarjarasm.asm.ClassReader.<init>(ClassReader.java:196)
  	at groovyjarjarasm.asm.ClassReader.<init>(ClassReader.java:177)
  	at groovyjarjarasm.asm.ClassReader.<init>(ClassReader.java:163)
  	at groovyjarjarasm.asm.ClassReader.<init>(ClassReader.java:284)
  	at org.codehaus.groovy.ast.decompiled.AsmDecompiler.parseClass(AsmDecompiler.java:81)
  	at org.codehaus.groovy.control.ClassNodeResolver.findDecompiled(ClassNodeResolver.java:251)
  	at org.codehaus.groovy.control.ClassNodeResolver.tryAsLoaderClassOrScript(ClassNodeResolver.java:189)
  	at org.codehaus.groovy.control.ClassNodeResolver.findClassNode(ClassNodeResolver.java:169)
  	at org.codehaus.groovy.control.ClassNodeResolver.resolveName(ClassNodeResolver.java:125)
  	at org.codehaus.groovy.ast.decompiled.AsmReferenceResolver.resolveClassNullable(AsmReferenceResolver.java:57)
  	at org.codehaus.groovy.ast.decompiled.AsmReferenceResolver.resolveClass(AsmReferenceResolver.java:44)
  	at org.codehaus.groovy.ast.decompiled.AsmReferenceResolver.resolveNonArrayType(AsmReferenceResolver.java:79)
  	at org.codehaus.groovy.ast.decompiled.AsmReferenceResolver.resolveType(AsmReferenceResolver.java:70)
  	at org.codehaus.groovy.ast.decompiled.MemberSignatureParser.createMethodNode(MemberSignatureParser.java:57)
  	at org.codehaus.groovy.ast.decompiled.DecompiledClassNode.lambda$createMethodNode$1(DecompiledClassNode.java:230)
  	at org.codehaus.groovy.ast.decompiled.DecompiledClassNode.createMethodNode(DecompiledClassNode.java:236)
  	at org.codehaus.groovy.ast.decompiled.DecompiledClassNode.lazyInitMembers(DecompiledClassNode.java:203)
  	at org.codehaus.groovy.ast.decompiled.DecompiledClassNode.getDeclaredMethods(DecompiledClassNode.java:122)
  	at org.codehaus.groovy.ast.ClassNode.tryFindPossibleMethod(ClassNode.java:1283)
  	at org.codehaus.groovy.control.StaticImportVisitor.transformMethodCallExpression(StaticImportVisitor.java:251)
  	at org.codehaus.groovy.control.StaticImportVisitor.transform(StaticImportVisitor.java:133)
  	at org.codehaus.groovy.ast.ClassCodeExpressionTransformer.visitExpressionStatement(ClassCodeExpressionTransformer.ja
va:108)
  	at org.codehaus.groovy.ast.stmt.ExpressionStatement.visit(ExpressionStatement.java:40)
  	at org.codehaus.groovy.ast.ClassCodeVisitorSupport.visitClassCodeContainer(ClassCodeVisitorSupport.java:138)
  	at org.codehaus.groovy.ast.ClassCodeVisitorSupport.visitConstructorOrMethod(ClassCodeVisitorSupport.java:111)
  	at 
org.codehaus.groovy.ast.ClassCodeExpressionTransformer.visitConstructorOrMethod(ClassCodeExpressionTransformer.java:66)
  	at org.codehaus.groovy.control.StaticImportVisitor.visitConstructorOrMethod(StaticImportVisitor.java:108)
  	at org.codehaus.groovy.ast.ClassCodeVisitorSupport.visitConstructor(ClassCodeVisitorSupport.java:101)
  	at org.codehaus.groovy.ast.ClassNode.visitContents(ClassNode.java:1089)
  	at org.codehaus.groovy.ast.ClassCodeVisitorSupport.visitClass(ClassCodeVisitorSupport.java:52)
  	at org.codehaus.groovy.control.CompilationUnit.lambda$addPhaseOperations$3(CompilationUnit.java:209)
  	at org.codehaus.groovy.control.CompilationUnit$IPrimaryClassNodeOperation.doPhaseOperation(CompilationUnit.java:942)
  	at org.codehaus.groovy.control.CompilationUnit.processPhaseOperations(CompilationUnit.java:671)
  	at org.codehaus.groovy.control.CompilationUnit.compile(CompilationUnit.java:635)
  	at groovy.lang.GroovyClassLoader.doParseClass(GroovyClassLoader.java:389)
  	at groovy.lang.GroovyClassLoader.lambda$parseClass$3(GroovyClassLoader.java:332)
  	at org.codehaus.groovy.runtime.memoize.StampedCommonCache.compute(StampedCommonCache.java:163)
  	at org.codehaus.groovy.runtime.memoize.StampedCommonCache.getAndPut(StampedCommonCache.java:154)
  	at groovy.lang.GroovyClassLoader.parseClass(GroovyClassLoader.java:330)
  	at org.gradle.groovy.scripts.internal.DefaultScriptCompilationHandler.compileScript(DefaultScriptCompilationHandler.
java:139)
  	at org.gradle.groovy.scripts.internal.DefaultScriptCompilationHandler.compileToDir(DefaultScriptCompilationHandler.j
ava:95)
  	at org.gradle.groovy.scripts.internal.BuildOperationBackedScriptCompilationHandler$2.run(BuildOperationBackedScriptC
ompilationHandler.java:54)
  	at org.gradle.internal.operations.DefaultBuildOperationRunner$1.execute(DefaultBuildOperationRunner.java:29)
  	at org.gradle.internal.operations.DefaultBuildOperationRunner$1.execute(DefaultBuildOperationRunner.java:26)
  	at org.gradle.internal.operations.DefaultBuildOperationRunner$3.execute(DefaultBuildOperationRunner.java:75)
  	at org.gradle.internal.operations.DefaultBuildOperationRunner$3.execute(DefaultBuildOperationRunner.java:68)
  	at org.gradle.internal.operations.DefaultBuildOperationRunner.execute(DefaultBuildOperationRunner.java:153)
  	at org.gradle.internal.operations.DefaultBuildOperationRunner.execute(DefaultBuildOperationRunner.java:68)
  	at org.gradle.internal.operations.DefaultBuildOperationRunner.run(DefaultBuildOperationRunner.java:56)
  	at org.gradle.internal.operations.DefaultBuildOperationExecutor.lambda$run$1(DefaultBuildOperationExecutor.java:74)
  	at org.gradle.internal.operations.UnmanagedBuildOperationWrapper.runWithUnmanagedSupport(UnmanagedBuildOperationWrap
per.java:45)
  	at org.gradle.internal.operations.DefaultBuildOperationExecutor.run(DefaultBuildOperationExecutor.java:74)
  	at org.gradle.groovy.scripts.internal.BuildOperationBackedScriptCompilationHandler.compileToDir(BuildOperationBacked
ScriptCompilationHandler.java:51)
  	at org.gradle.groovy.scripts.internal.FileCacheBackedScriptClassCompiler$CompileToCrossBuildCacheAction.execute(File
CacheBackedScriptClassCompiler.java:189)
  	at org.gradle.groovy.scripts.internal.FileCacheBackedScriptClassCompiler$CompileToCrossBuildCacheAction.execute(File
CacheBackedScriptClassCompiler.java:169)
  	at org.gradle.groovy.scripts.internal.FileCacheBackedScriptClassCompiler$ProgressReportingInitializer.execute(FileCa
cheBackedScriptClassCompiler.java:210)
  	at org.gradle.groovy.scripts.internal.FileCacheBackedScriptClassCompiler$ProgressReportingInitializer.execute(FileCa
cheBackedScriptClassCompiler.java:193)
  	at org.gradle.cache.internal.DefaultPersistentDirectoryCache$Initializer.initialize(DefaultPersistentDirectoryCache.
java:100)
  	at 
org.gradle.cache.internal.FixedSharedModeCrossProcessCacheAccess$1.run(FixedSharedModeCrossProcessCacheAccess.java:86)
  	at org.gradle.cache.internal.DefaultFileLockManager$DefaultFileLock.doWriteAction(DefaultFileLockManager.java:216)
  	at org.gradle.cache.internal.DefaultFileLockManager$DefaultFileLock.writeFile(DefaultFileLockManager.java:206)
  	at 
org.gradle.cache.internal.FixedSharedModeCrossProcessCacheAccess.open(FixedSharedModeCrossProcessCacheAccess.java:83)
  	at org.gradle.cache.internal.DefaultCacheAccess.open(DefaultCacheAccess.java:139)
  	at org.gradle.cache.internal.DefaultPersistentDirectoryStore.open(DefaultPersistentDirectoryStore.java:89)
  	at org.gradle.cache.internal.DefaultPersistentDirectoryStore.open(DefaultPersistentDirectoryStore.java:43)
  	at org.gradle.cache.internal.DefaultCacheFactory.doOpen(DefaultCacheFactory.java:103)
  	at org.gradle.cache.internal.DefaultCacheFactory.open(DefaultCacheFactory.java:68)
  	at org.gradle.cache.internal.DefaultCacheRepository$PersistentCacheBuilder.open(DefaultCacheRepository.java:126)
  	at org.gradle.groovy.scripts.internal.FileCacheBackedScriptClassCompiler.compile(FileCacheBackedScriptClassCompiler.
java:115)
  	at org.gradle.groovy.scripts.internal.CrossBuildInMemoryCachingScriptClassCache.getOrCompile(CrossBuildInMemoryCachi
ngScriptClassCache.java:50)
  	at org.gradle.groovy.scripts.internal.BuildScopeInMemoryCachingScriptClassCompiler.compile(BuildScopeInMemoryCaching
ScriptClassCompiler.java:50)
  	at 
org.gradle.groovy.scripts.DefaultScriptCompilerFactory$ScriptCompilerImpl.compile(DefaultScriptCompilerFactory.java:49)
  	at org.gradle.configuration.DefaultScriptPluginFactory$ScriptPluginImpl.apply(DefaultScriptPluginFactory.java:125)
  	at org.gradle.configuration.BuildOperationScriptPlugin$1.run(BuildOperationScriptPlugin.java:65)
  	at org.gradle.internal.operations.DefaultBuildOperationRunner$1.execute(DefaultBuildOperationRunner.java:29)
  	at org.gradle.internal.operations.DefaultBuildOperationRunner$1.execute(DefaultBuildOperationRunner.java:26)
  	at org.gradle.internal.operations.DefaultBuildOperationRunner$3.execute(DefaultBuildOperationRunner.java:75)
  	at org.gradle.internal.operations.DefaultBuildOperationRunner$3.execute(DefaultBuildOperationRunner.java:68)
  	at org.gradle.internal.operations.DefaultBuildOperationRunner.execute(DefaultBuildOperationRunner.java:153)
  	at org.gradle.internal.operations.DefaultBuildOperationRunner.execute(DefaultBuildOperationRunner.java:68)
  	at org.gradle.internal.operations.DefaultBuildOperationRunner.run(DefaultBuildOperationRunner.java:56)
  	at org.gradle.internal.operations.DefaultBuildOperationExecutor.lambda$run$1(DefaultBuildOperationExecutor.java:74)
  	at org.gradle.internal.operations.UnmanagedBuildOperationWrapper.runWithUnmanagedSupport(UnmanagedBuildOperationWrap
per.java:45)
  	at org.gradle.internal.operations.DefaultBuildOperationExecutor.run(DefaultBuildOperationExecutor.java:74)
  	at org.gradle.configuration.BuildOperationScriptPlugin.lambda$apply$0(BuildOperationScriptPlugin.java:62)
  	at 
org.gradle.configuration.internal.DefaultUserCodeApplicationContext.apply(DefaultUserCodeApplicationContext.java:44)
  	at org.gradle.configuration.BuildOperationScriptPlugin.apply(BuildOperationScriptPlugin.java:62)
  	at org.gradle.initialization.ScriptEvaluatingSettingsProcessor.applySettingsScript(ScriptEvaluatingSettingsProcessor
.java:74)
  	at org.gradle.initialization.ScriptEvaluatingSettingsProcessor.process(ScriptEvaluatingSettingsProcessor.java:67)
  	at org.gradle.initialization.SettingsEvaluatedCallbackFiringSettingsProcessor.process(SettingsEvaluatedCallbackFirin
gSettingsProcessor.java:34)
  	at org.gradle.initialization.RootBuildCacheControllerSettingsProcessor.process(RootBuildCacheControllerSettingsProce
ssor.java:47)
  	at org.gradle.initialization.BuildOperationSettingsProcessor$2.call(BuildOperationSettingsProcessor.java:50)
  	at org.gradle.initialization.BuildOperationSettingsProcessor$2.call(BuildOperationSettingsProcessor.java:47)
  	at org.gradle.internal.operations.DefaultBuildOperationRunner$CallableBuildOperationWorker.execute(DefaultBuildOpera
tionRunner.java:200)
  	at org.gradle.internal.operations.DefaultBuildOperationRunner$CallableBuildOperationWorker.execute(DefaultBuildOpera
tionRunner.java:195)
  	at org.gradle.internal.operations.DefaultBuildOperationRunner$3.execute(DefaultBuildOperationRunner.java:75)
  	at org.gradle.internal.operations.DefaultBuildOperationRunner$3.execute(DefaultBuildOperationRunner.java:68)
  	at org.gradle.internal.operations.DefaultBuildOperationRunner.execute(DefaultBuildOperationRunner.java:153)
  	at org.gradle.internal.operations.DefaultBuildOperationRunner.execute(DefaultBuildOperationRunner.java:68)
  	at org.gradle.internal.operations.DefaultBuildOperationRunner.call(DefaultBuildOperationRunner.java:62)
  	at org.gradle.internal.operations.DefaultBuildOperationExecutor.lambda$call$2(DefaultBuildOperationExecutor.java:79)
  	at org.gradle.internal.operations.UnmanagedBuildOperationWrapper.callWithUnmanagedSupport(UnmanagedBuildOperationWra
pper.java:54)
  	at org.gradle.internal.operations.DefaultBuildOperationExecutor.call(DefaultBuildOperationExecutor.java:79)
  	at org.gradle.initialization.BuildOperationSettingsProcessor.process(BuildOperationSettingsProcessor.java:47)
  	at org.gradle.initialization.DefaultSettingsLoader.findSettingsAndLoadIfAppropriate(DefaultSettingsLoader.java:119)
  	at org.gradle.initialization.DefaultSettingsLoader.findAndLoadSettings(DefaultSettingsLoader.java:56)
  	at 
org.gradle.initialization.SettingsAttachingSettingsLoader.findAndLoadSettings(SettingsAttachingSettingsLoader.java:35)
  	at org.gradle.internal.composite.CommandLineIncludedBuildSettingsLoader.findAndLoadSettings(CommandLineIncludedBuild
SettingsLoader.java:34)
  	at org.gradle.internal.composite.ChildBuildRegisteringSettingsLoader.findAndLoadSettings(ChildBuildRegisteringSettin
gsLoader.java:48)
  	at 
org.gradle.internal.composite.CompositeBuildSettingsLoader.findAndLoadSettings(CompositeBuildSettingsLoader.java:35)
  	at org.gradle.initialization.InitScriptHandlingSettingsLoader.findAndLoadSettings(InitScriptHandlingSettingsLoader.j
ava:34)
  	at org.gradle.initialization.GradlePropertiesHandlingSettingsLoader.findAndLoadSettings(GradlePropertiesHandlingSett
ingsLoader.java:39)
  	at org.gradle.initialization.DefaultSettingsPreparer.prepareSettings(DefaultSettingsPreparer.java:31)
  	at org.gradle.initialization.BuildOperationFiringSettingsPreparer$LoadBuild.doLoadBuild(BuildOperationFiringSettings
Preparer.java:62)
  	at org.gradle.initialization.BuildOperationFiringSettingsPreparer$LoadBuild.run(BuildOperationFiringSettingsPreparer
.java:57)
  	at org.gradle.internal.operations.DefaultBuildOperationRunner$1.execute(DefaultBuildOperationRunner.java:29)
  	at org.gradle.internal.operations.DefaultBuildOperationRunner$1.execute(DefaultBuildOperationRunner.java:26)
  	at org.gradle.internal.operations.DefaultBuildOperationRunner$3.execute(DefaultBuildOperationRunner.java:75)
  	at org.gradle.internal.operations.DefaultBuildOperationRunner$3.execute(DefaultBuildOperationRunner.java:68)
  	at org.gradle.internal.operations.DefaultBuildOperationRunner.execute(DefaultBuildOperationRunner.java:153)
  	at org.gradle.internal.operations.DefaultBuildOperationRunner.execute(DefaultBuildOperationRunner.java:68)
  	at org.gradle.internal.operations.DefaultBuildOperationRunner.run(DefaultBuildOperationRunner.java:56)
  	at org.gradle.internal.operations.DefaultBuildOperationExecutor.lambda$run$1(DefaultBuildOperationExecutor.java:74)
  	at org.gradle.internal.operations.UnmanagedBuildOperationWrapper.runWithUnmanagedSupport(UnmanagedBuildOperationWrap
per.java:45)
  	at org.gradle.internal.operations.DefaultBuildOperationExecutor.run(DefaultBuildOperationExecutor.java:74)
  	at org.gradle.initialization.BuildOperationFiringSettingsPreparer.prepareSettings(BuildOperationFiringSettingsPrepar
er.java:45)
  	at org.gradle.initialization.VintageBuildModelController.prepareSettings(VintageBuildModelController.java:90)
  	at org.gradle.initialization.VintageBuildModelController.doBuildStages(VintageBuildModelController.java:73)
  	at org.gradle.initialization.VintageBuildModelController.prepareToScheduleTasks(VintageBuildModelController.java:64)
  	at org.gradle.configurationcache.ConfigurationCacheAwareBuildModelController.prepareToScheduleTasks(ConfigurationCac
heAwareBuildModelController.kt:47)
  	at org.gradle.internal.build.DefaultBuildLifecycleController.lambda$prepareToScheduleTasks$0(DefaultBuildLifecycleCo
ntroller.java:104)
  	at org.gradle.internal.build.DefaultBuildLifecycleController.lambda$withModelOrThrow$5(DefaultBuildLifecycleControll
er.java:142)
  	at org.gradle.internal.build.DefaultBuildLifecycleController.withModel(DefaultBuildLifecycleController.java:157)
  	at 
org.gradle.internal.build.DefaultBuildLifecycleController.withModelOrThrow(DefaultBuildLifecycleController.java:140)
  	at org.gradle.internal.build.DefaultBuildLifecycleController.prepareToScheduleTasks(DefaultBuildLifecycleController.
java:102)
  	at 
org.gradle.internal.buildtree.DefaultBuildTreeWorkPreparer.scheduleRequestedTasks(DefaultBuildTreeWorkPreparer.java:33)
  	at org.gradle.configurationcache.ConfigurationCacheAwareBuildTreeWorkPreparer$scheduleRequestedTasks$1.invoke(Config
urationCacheAwareBuildTreeWorkPreparer.kt:28)
  	at org.gradle.configurationcache.ConfigurationCacheAwareBuildTreeWorkPreparer$scheduleRequestedTasks$1.invoke(Config
urationCacheAwareBuildTreeWorkPreparer.kt:22)
  	at 
org.gradle.configurationcache.DefaultConfigurationCache.loadOrScheduleRequestedTasks(DefaultConfigurationCache.kt:117)
  	at org.gradle.configurationcache.ConfigurationCacheAwareBuildTreeWorkPreparer.scheduleRequestedTasks(ConfigurationCa
cheAwareBuildTreeWorkPreparer.kt:27)
  	at org.gradle.internal.buildtree.DefaultBuildTreeLifecycleController.lambda$doScheduleAndRunTasks$1(DefaultBuildTree
LifecycleController.java:83)
  	at 
org.gradle.composite.internal.DefaultIncludedBuildTaskGraph.withNewTaskGraph(DefaultIncludedBuildTaskGraph.java:94)
  	at org.gradle.internal.buildtree.DefaultBuildTreeLifecycleController.doScheduleAndRunTasks(DefaultBuildTreeLifecycle
Controller.java:82)
  	at org.gradle.internal.buildtree.DefaultBuildTreeLifecycleController.runBuild(DefaultBuildTreeLifecycleController.ja
va:104)
  	at org.gradle.internal.buildtree.DefaultBuildTreeLifecycleController.scheduleAndRunTasks(DefaultBuildTreeLifecycleCo
ntroller.java:64)
  	at org.gradle.tooling.internal.provider.ExecuteBuildActionRunner.run(ExecuteBuildActionRunner.java:31)
  	at org.gradle.launcher.exec.ChainingBuildActionRunner.run(ChainingBuildActionRunner.java:35)
  	at org.gradle.internal.buildtree.ProblemReportingBuildActionRunner.run(ProblemReportingBuildActionRunner.java:47)
  	at 
org.gradle.launcher.exec.BuildOutcomeReportingBuildActionRunner.run(BuildOutcomeReportingBuildActionRunner.java:69)
  	at org.gradle.tooling.internal.provider.FileSystemWatchingBuildActionRunner.run(FileSystemWatchingBuildActionRunner.
java:91)
  	at org.gradle.launcher.exec.BuildCompletionNotifyingBuildActionRunner.run(BuildCompletionNotifyingBuildActionRunner.
java:41)
  	at org.gradle.launcher.exec.RootBuildLifecycleBuildActionExecutor.lambda$execute$0(RootBuildLifecycleBuildActionExec
utor.java:40)
  	at org.gradle.composite.internal.DefaultRootBuildState.run(DefaultRootBuildState.java:154)
  	at 
org.gradle.launcher.exec.RootBuildLifecycleBuildActionExecutor.execute(RootBuildLifecycleBuildActionExecutor.java:40)
  	at org.gradle.internal.buildtree.DefaultBuildTreeContext.execute(DefaultBuildTreeContext.java:40)
  	at org.gradle.launcher.exec.BuildTreeLifecycleBuildActionExecutor.lambda$execute$0(BuildTreeLifecycleBuildActionExec
utor.java:56)
  	at org.gradle.internal.buildtree.BuildTreeState.run(BuildTreeState.java:53)
  	at 
org.gradle.launcher.exec.BuildTreeLifecycleBuildActionExecutor.execute(BuildTreeLifecycleBuildActionExecutor.java:56)
  	at 
org.gradle.launcher.exec.RunAsBuildOperationBuildActionExecutor$3.call(RunAsBuildOperationBuildActionExecutor.java:61)
  	at 
org.gradle.launcher.exec.RunAsBuildOperationBuildActionExecutor$3.call(RunAsBuildOperationBuildActionExecutor.java:57)
  	at org.gradle.internal.operations.DefaultBuildOperationRunner$CallableBuildOperationWorker.execute(DefaultBuildOpera
tionRunner.java:200)
  	at org.gradle.internal.operations.DefaultBuildOperationRunner$CallableBuildOperationWorker.execute(DefaultBuildOpera
tionRunner.java:195)
  	at org.gradle.internal.operations.DefaultBuildOperationRunner$3.execute(DefaultBuildOperationRunner.java:75)
  	at org.gradle.internal.operations.DefaultBuildOperationRunner$3.execute(DefaultBuildOperationRunner.java:68)
  	at org.gradle.internal.operations.DefaultBuildOperationRunner.execute(DefaultBuildOperationRunner.java:153)
  	at org.gradle.internal.operations.DefaultBuildOperationRunner.execute(DefaultBuildOperationRunner.java:68)
  	at org.gradle.internal.operations.DefaultBuildOperationRunner.call(DefaultBuildOperationRunner.java:62)
  	at org.gradle.internal.operations.DefaultBuildOperationExecutor.lambda$call$2(DefaultBuildOperationExecutor.java:79)
  	at org.gradle.internal.operations.UnmanagedBuildOperationWrapper.callWithUnmanagedSupport(UnmanagedBuildOperationWra
pper.java:54)
  	at org.gradle.internal.operations.DefaultBuildOperationExecutor.call(DefaultBuildOperationExecutor.java:79)
  	at 
org.gradle.launcher.exec.RunAsBuildOperationBuildActionExecutor.execute(RunAsBuildOperationBuildActionExecutor.java:57)
  	at org.gradle.launcher.exec.RunAsWorkerThreadBuildActionExecutor.lambda$execute$0(RunAsWorkerThreadBuildActionExecut
or.java:38)
  	at org.gradle.internal.work.DefaultWorkerLeaseService.withLocks(DefaultWorkerLeaseService.java:211)
  	at 
org.gradle.launcher.exec.RunAsWorkerThreadBuildActionExecutor.execute(RunAsWorkerThreadBuildActionExecutor.java:38)
  	at 
org.gradle.tooling.internal.provider.ContinuousBuildActionExecutor.execute(ContinuousBuildActionExecutor.java:103)
  	at 
org.gradle.tooling.internal.provider.SubscribableBuildActionExecutor.execute(SubscribableBuildActionExecutor.java:64)
  	at org.gradle.internal.session.DefaultBuildSessionContext.execute(DefaultBuildSessionContext.java:46)
  	at org.gradle.tooling.internal.provider.BuildSessionLifecycleBuildActionExecuter.lambda$execute$0(BuildSessionLifecy
cleBuildActionExecuter.java:56)
  	at org.gradle.internal.session.BuildSessionState.run(BuildSessionState.java:69)
  	at org.gradle.tooling.internal.provider.BuildSessionLifecycleBuildActionExecuter.execute(BuildSessionLifecycleBuildA
ctionExecuter.java:55)
  	at org.gradle.tooling.internal.provider.BuildSessionLifecycleBuildActionExecuter.execute(BuildSessionLifecycleBuildA
ctionExecuter.java:37)
  	at 
org.gradle.tooling.internal.provider.GradleThreadBuildActionExecuter.execute(GradleThreadBuildActionExecuter.java:36)
  	at 
org.gradle.tooling.internal.provider.GradleThreadBuildActionExecuter.execute(GradleThreadBuildActionExecuter.java:25)
  	at org.gradle.tooling.internal.provider.StartParamsValidatingActionExecuter.execute(StartParamsValidatingActionExecu
ter.java:63)
  	at org.gradle.tooling.internal.provider.StartParamsValidatingActionExecuter.execute(StartParamsValidatingActionExecu
ter.java:31)
  	at org.gradle.tooling.internal.provider.SessionFailureReportingActionExecuter.execute(SessionFailureReportingActionE
xecuter.java:58)
  	at org.gradle.tooling.internal.provider.SessionFailureReportingActionExecuter.execute(SessionFailureReportingActionE
xecuter.java:42)
  	at org.gradle.tooling.internal.provider.SetupLoggingActionExecuter.execute(SetupLoggingActionExecuter.java:47)
  	at org.gradle.tooling.internal.provider.SetupLoggingActionExecuter.execute(SetupLoggingActionExecuter.java:31)
  	at org.gradle.launcher.daemon.server.exec.ExecuteBuild.doBuild(ExecuteBuild.java:65)
  	at org.gradle.launcher.daemon.server.exec.BuildCommandOnly.execute(BuildCommandOnly.java:37)
  	at org.gradle.launcher.daemon.server.api.DaemonCommandExecution.proceed(DaemonCommandExecution.java:104)
  	at org.gradle.launcher.daemon.server.exec.WatchForDisconnection.execute(WatchForDisconnection.java:39)
  	at org.gradle.launcher.daemon.server.api.DaemonCommandExecution.proceed(DaemonCommandExecution.java:104)
  	at org.gradle.launcher.daemon.server.exec.ResetDeprecationLogger.execute(ResetDeprecationLogger.java:29)
  	at org.gradle.launcher.daemon.server.api.DaemonCommandExecution.proceed(DaemonCommandExecution.java:104)
  	at 
org.gradle.launcher.daemon.server.exec.RequestStopIfSingleUsedDaemon.execute(RequestStopIfSingleUsedDaemon.java:35)
  	at org.gradle.launcher.daemon.server.api.DaemonCommandExecution.proceed(DaemonCommandExecution.java:104)
  	at org.gradle.launcher.daemon.server.exec.ForwardClientInput$2.create(ForwardClientInput.java:78)
  	at org.gradle.launcher.daemon.server.exec.ForwardClientInput$2.create(ForwardClientInput.java:75)
  	at org.gradle.util.internal.Swapper.swap(Swapper.java:38)
  	at org.gradle.launcher.daemon.server.exec.ForwardClientInput.execute(ForwardClientInput.java:75)
  	at org.gradle.launcher.daemon.server.api.DaemonCommandExecution.proceed(DaemonCommandExecution.java:104)
  	at org.gradle.launcher.daemon.server.exec.LogAndCheckHealth.execute(LogAndCheckHealth.java:55)
  	at org.gradle.launcher.daemon.server.api.DaemonCommandExecution.proceed(DaemonCommandExecution.java:104)
  	at org.gradle.launcher.daemon.server.exec.LogToClient.doBuild(LogToClient.java:63)
  	at org.gradle.launcher.daemon.server.exec.BuildCommandOnly.execute(BuildCommandOnly.java:37)
  	at org.gradle.launcher.daemon.server.api.DaemonCommandExecution.proceed(DaemonCommandExecution.java:104)
  	at org.gradle.launcher.daemon.server.exec.EstablishBuildEnvironment.doBuild(EstablishBuildEnvironment.java:84)
  	at org.gradle.launcher.daemon.server.exec.BuildCommandOnly.execute(BuildCommandOnly.java:37)
  	at org.gradle.launcher.daemon.server.api.DaemonCommandExecution.proceed(DaemonCommandExecution.java:104)
  	at org.gradle.launcher.daemon.server.exec.StartBuildOrRespondWithBusy$1.run(StartBuildOrRespondWithBusy.java:52)
  	at org.gradle.launcher.daemon.server.DaemonStateCoordinator$1.run(DaemonStateCoordinator.java:297)
  	at org.gradle.internal.concurrent.ExecutorPolicy$CatchAndRecordFailures.onExecute(ExecutorPolicy.java:64)
  	at org.gradle.internal.concurrent.ManagedExecutorImpl$1.run(ManagedExecutorImpl.java:48)
  	at java.base/java.util.concurrent.ThreadPoolExecutor.runWorker(Unknown Source)
  	at java.base/java.util.concurrent.ThreadPoolExecutor$Worker.run(Unknown Source)
  	at org.gradle.internal.concurrent.ThreadFactoryImpl$ManagedThreadRunnable.run(ThreadFactoryImpl.java:61)
  	at java.base/java.lang.Thread.run(Unknown Source)
  
  1 error


* Try:
Run with --stacktrace option to get the stack trace. Run with --info or --debug option to get more log output. Run 
with --scan to get full insights.

* Get more help at https://help.gradle.org

BUILD FAILED in 475ms
